\BOOKMARK [1][-]{section.1}{\376\377\000I\000n\000t\000r\000o\000d\000u\000c\000t\000i\000o\000n}{}% 1
\BOOKMARK [2][-]{subsection.1.1}{\376\377\000R\000e\000l\000a\000t\000e\000d\000\040\000W\000o\000r\000k}{section.1}% 2
\BOOKMARK [1][-]{section.2}{\376\377\000E\000x\000p\000e\000r\000i\000m\000e\000n\000t\000\040\000S\000t\000e\000p\000s}{}% 3
\BOOKMARK [2][-]{subsection.2.1}{\376\377\000P\000h\000a\000s\000e\000\040\0000\000:\000\040\000S\000e\000t\000u\000p\000\040\000f\000o\000r\000\040\000L\000L\000a\000M\000A\000\040\0003}{section.2}% 4
\BOOKMARK [2][-]{subsection.2.2}{\376\377\000P\000h\000a\000s\000e\000\040\0001\000:\000\040\000D\000a\000t\000a\000s\000e\000t\000\040\000F\000o\000r\000m\000a\000t\000t\000i\000n\000g}{section.2}% 5
\BOOKMARK [3][-]{subsubsection.2.2.1}{\376\377\000I\000n\000s\000t\000r\000u\000c\000t\000i\000o\000n\000-\000T\000u\000n\000e\000d\000\040\000F\000o\000r\000m\000a\000t\000\040\000\050\000I\000T\000A\000\051}{subsection.2.2}% 6
\BOOKMARK [3][-]{subsubsection.2.2.2}{\376\377\000C\000o\000n\000t\000r\000a\000s\000t\000i\000v\000e\000\040\000I\000T\000A}{subsection.2.2}% 7
\BOOKMARK [3][-]{subsubsection.2.2.3}{\376\377\000E\000x\000a\000m\000p\000l\000e\000-\000B\000a\000s\000e\000d\000\040\000F\000o\000r\000m\000a\000t\000\040\000\050\000E\000B\000A\000\051}{subsection.2.2}% 8
\BOOKMARK [2][-]{subsection.2.3}{\376\377\000P\000h\000a\000s\000e\000\040\0002\000:\000\040\000T\000r\000a\000i\000n\000i\000n\000g\000\040\000C\000o\000n\000f\000i\000g\000u\000r\000a\000t\000i\000o\000n}{section.2}% 9
\BOOKMARK [1][-]{section.3}{\376\377\000U\000n\000i\000f\000i\000e\000d\000\040\000T\000r\000a\000i\000n\000i\000n\000g\000\040\000O\000b\000j\000e\000c\000t\000i\000v\000e}{}% 10
\BOOKMARK [1][-]{section.4}{\376\377\000C\000I\000T\000A\000:\000\040\000C\000o\000n\000t\000r\000a\000s\000t\000i\000v\000e\000\040\000I\000n\000s\000t\000r\000u\000c\000t\000i\000o\000n\000-\000T\000u\000n\000e\000d\000\040\000A\000l\000i\000g\000n\000m\000e\000n\000t}{}% 11
\BOOKMARK [2][-]{subsection.4.1}{\376\377\000T\000r\000a\000i\000n\000i\000n\000g\000\040\000T\000r\000i\000p\000l\000e\000t}{section.4}% 12
\BOOKMARK [2][-]{subsection.4.2}{\376\377\000C\000I\000T\000A\000-\000K\000L\000\040\000L\000o\000s\000s}{section.4}% 13
\BOOKMARK [2][-]{subsection.4.3}{\376\377\000G\000r\000a\000d\000i\000e\000n\000t}{section.4}% 14
\BOOKMARK [2][-]{subsection.4.4}{\376\377\000B\000e\000n\000e\000f\000i\000t\000s}{section.4}% 15
\BOOKMARK [2][-]{subsection.4.5}{\376\377\000C\000o\000m\000p\000a\000r\000i\000s\000o\000n}{section.4}% 16
\BOOKMARK [1][-]{section.5}{\376\377\000I\000n\000s\000t\000r\000u\000c\000t\000i\000o\000n\000\040\000S\000w\000i\000t\000c\000h\000\040\000D\000a\000t\000a\000s\000e\000t}{}% 17
\BOOKMARK [2][-]{subsection.5.1}{\376\377\000M\000o\000t\000i\000v\000a\000t\000i\000o\000n}{section.5}% 18
\BOOKMARK [2][-]{subsection.5.2}{\376\377\000D\000a\000t\000a\000s\000e\000t\000\040\000D\000e\000s\000i\000g\000n}{section.5}% 19
\BOOKMARK [2][-]{subsection.5.3}{\376\377\0001\0000\000\040\000I\000n\000s\000t\000r\000u\000c\000t\000i\000o\000n\000\040\000T\000y\000p\000e\000s}{section.5}% 20
\BOOKMARK [2][-]{subsection.5.4}{\376\377\000E\000x\000a\000m\000p\000l\000e}{section.5}% 21
\BOOKMARK [2][-]{subsection.5.5}{\376\377\000P\000r\000o\000m\000p\000t\000\040\000B\000a\000n\000k}{section.5}% 22
\BOOKMARK [2][-]{subsection.5.6}{\376\377\000S\000c\000a\000l\000e}{section.5}% 23
\BOOKMARK [2][-]{subsection.5.7}{\376\377\000I\000n\000s\000t\000r\000u\000c\000t\000i\000o\000n\000-\000F\000o\000l\000l\000o\000w\000i\000n\000g\000\040\000v\000s\000\040\000A\000l\000i\000g\000n\000m\000e\000n\000t}{section.5}% 24
\BOOKMARK [2][-]{subsection.5.8}{\376\377\000P\000r\000o\000m\000p\000t\000\040\000C\000a\000t\000e\000g\000o\000r\000i\000e\000s}{section.5}% 25
\BOOKMARK [1][-]{section.6}{\376\377\000E\000x\000p\000e\000r\000i\000m\000e\000n\000t\000s}{}% 26
\BOOKMARK [2][-]{subsection.6.1}{\376\377\000T\000r\000a\000i\000n\000i\000n\000g\000\040\000P\000i\000p\000e\000l\000i\000n\000e}{section.6}% 27
\BOOKMARK [2][-]{subsection.6.2}{\376\377\000M\000o\000d\000e\000l\000\040\000V\000a\000r\000i\000a\000n\000t\000s}{section.6}% 28
\BOOKMARK [2][-]{subsection.6.3}{\376\377\000E\000v\000a\000l\000u\000a\000t\000i\000o\000n\000\040\000B\000e\000n\000c\000h\000m\000a\000r\000k\000s}{section.6}% 29
\BOOKMARK [2][-]{subsection.6.4}{\376\377\000H\000y\000p\000e\000r\000p\000a\000r\000a\000m\000e\000t\000e\000r\000\040\000O\000p\000t\000i\000m\000i\000z\000a\000t\000i\000o\000n}{section.6}% 30
\BOOKMARK [2][-]{subsection.6.5}{\376\377\000T\000r\000a\000i\000n\000i\000n\000g\000\040\000D\000y\000n\000a\000m\000i\000c\000s}{section.6}% 31
\BOOKMARK [1][-]{section.7}{\376\377\000R\000e\000s\000u\000l\000t\000s}{}% 32
\BOOKMARK [2][-]{subsection.7.1}{\376\377\000O\000v\000e\000r\000a\000l\000l\000\040\000R\000e\000s\000u\000l\000t\000s}{section.7}% 33
\BOOKMARK [2][-]{subsection.7.2}{\376\377\000C\000I\000T\000A\000\040\000v\000s\000\040\000D\000P\000O\000:\000\040\000I\000m\000p\000r\000o\000v\000e\000m\000e\000n\000t}{section.7}% 34
\BOOKMARK [2][-]{subsection.7.3}{\376\377\000C\000o\000m\000b\000i\000n\000e\000d\000\040\000A\000n\000a\000l\000y\000s\000i\000s}{section.7}% 35
\BOOKMARK [1][-]{section.8}{\376\377\000C\000o\000n\000c\000l\000u\000s\000i\000o\000n}{}% 36
\BOOKMARK [2][-]{subsection.8.1}{\376\377\000K\000e\000y\000\040\000F\000i\000n\000d\000i\000n\000g\000s}{section.8}% 37
\BOOKMARK [2][-]{subsection.8.2}{\376\377\000I\000m\000p\000l\000i\000c\000a\000t\000i\000o\000n\000s}{section.8}% 38
