\BOOKMARK [1][-]{section.1}{\376\377\000W\000h\000y\000\040\000I\000n\000s\000t\000r\000u\000c\000t\000i\000o\000n\000-\000B\000a\000s\000e\000d\000\040\000A\000l\000i\000g\000n\000m\000e\000n\000t\000?}{}% 1
\BOOKMARK [2][-]{subsection.1.1}{\376\377\000I\000n\000t\000r\000o\000d\000u\000c\000i\000n\000g\000:\000\040\000E\000C\000L\000I\000P\000T\000I\000C\000A\000\040\000\046\000\040\000C\000I\000T\000A}{section.1}% 2
\BOOKMARK [1][-]{section.2}{\376\377\000E\000C\000L\000I\000P\000T\000I\000C\000A\000\040\000B\000e\000n\000c\000h\000m\000a\000r\000k}{}% 3
\BOOKMARK [1][-]{section.3}{\376\377\000C\000I\000T\000A\000:\000\040\000C\000o\000n\000t\000r\000a\000s\000t\000i\000v\000e\000\040\000I\000n\000s\000t\000r\000u\000c\000t\000i\000o\000n\000-\000T\000u\000n\000e\000d\000\040\000A\000l\000i\000g\000n\000m\000e\000n\000t}{}% 4
\BOOKMARK [1][-]{section.4}{\376\377\000E\000x\000p\000e\000r\000i\000m\000e\000n\000t\000s\000\040\000\046\000\040\000R\000e\000s\000u\000l\000t\000s}{}% 5
\BOOKMARK [1][-]{section.5}{\376\377\000C\000o\000n\000c\000l\000u\000s\000i\000o\000n}{}% 6
\BOOKMARK [1][-]{section.6}{\376\377\000L\000i\000m\000i\000t\000a\000t\000i\000o\000n\000s}{}% 7
\BOOKMARK [2][-]{subsection.6.1}{\376\377\000E\000x\000p\000e\000r\000i\000m\000e\000n\000t\000a\000l\000\040\000S\000c\000o\000p\000e}{section.6}% 8
\BOOKMARK [2][-]{subsection.6.2}{\376\377\000D\000e\000p\000l\000o\000y\000m\000e\000n\000t\000\040\000C\000o\000n\000s\000i\000d\000e\000r\000a\000t\000i\000o\000n\000s}{section.6}% 9
\BOOKMARK [2][-]{subsection.6.3}{\376\377\000S\000a\000f\000e\000t\000y\000\040\000\046\000\040\000E\000t\000h\000i\000c\000a\000l\000\040\000C\000o\000n\000s\000i\000d\000e\000r\000a\000t\000i\000o\000n\000s}{section.6}% 10
\BOOKMARK [2][-]{subsection.6.4}{\376\377\000F\000u\000t\000u\000r\000e\000\040\000W\000o\000r\000k}{section.6}% 11
\BOOKMARK [1][-]{appendix.A}{\376\377\000D\000i\000s\000c\000u\000s\000s\000i\000o\000n}{}% 12
\BOOKMARK [2][-]{subsection.A.1}{\376\377\000E\000s\000t\000a\000b\000l\000i\000s\000h\000i\000n\000g\000\040\000t\000h\000e\000\040\000c\000o\000r\000e\000\040\000c\000l\000a\000i\000m\000s}{appendix.A}% 13
\BOOKMARK [2][-]{subsection.A.2}{\376\377\000W\000h\000y\000\040\000m\000a\000n\000d\000a\000t\000o\000r\000y\000\040\000K\000L}{appendix.A}% 14
\BOOKMARK [2][-]{subsection.A.3}{\376\377\000B\000e\000n\000c\000h\000m\000a\000r\000k\000\040\000p\000a\000t\000t\000e\000r\000n\000\040\000a\000n\000d\000\040\000t\000r\000a\000d\000e\000-\000o\000f\000f\000s}{appendix.A}% 15
\BOOKMARK [2][-]{subsection.A.4}{\376\377\000C\000o\000n\000d\000i\000t\000i\000o\000n\000a\000l\000\040\000S\000a\000f\000e\000t\000y\000:\000\040\000d\000e\000f\000i\000n\000i\000t\000i\000o\000n\000,\000\040\000n\000u\000a\000n\000c\000e\000,\000\040\000a\000n\000d\000\040\000a\000\040\000h\000a\000r\000d\000e\000r\000\040\000f\000o\000r\000m\000u\000l\000a\000t\000i\000o\000n}{appendix.A}% 16
\BOOKMARK [1][-]{appendix.B}{\376\377\000F\000r\000e\000q\000u\000e\000n\000t\000l\000y\000\040\000A\000s\000k\000e\000d\000\040\000Q\000u\000e\000s\000t\000i\000o\000n\000s\000\040\000\050\000F\000A\000Q\000\051}{}% 17
\BOOKMARK [1][-]{appendix.C}{\376\377\000A\000p\000p\000e\000n\000d\000i\000x}{}% 18
\BOOKMARK [1][-]{appendix.D}{\376\377\000R\000e\000l\000a\000t\000e\000d\000\040\000W\000o\000r\000k\000s}{}% 19
\BOOKMARK [1][-]{appendix.E}{\376\377\000C\000I\000T\000A\000\040\000L\000o\000s\000s\000\040\000D\000e\000r\000i\000v\000a\000t\000i\000o\000n\000:\000\040\000F\000u\000l\000l\000\040\000M\000a\000t\000h\000e\000m\000a\000t\000i\000c\000a\000l\000\040\000D\000e\000r\000i\000v\000a\000t\000i\000o\000n\000\040\000a\000n\000d\000\040\000G\000r\000a\000d\000i\000e\000n\000t\000\040\000A\000n\000a\000l\000y\000s\000i\000s}{}% 20
\BOOKMARK [1][-]{appendix.F}{\376\377\000T\000r\000a\000i\000n\000i\000n\000g\000\040\000P\000i\000p\000e\000l\000i\000n\000e\000\040\000D\000i\000a\000g\000r\000a\000m\000s}{}% 21
\BOOKMARK [2][-]{subsection.F.1}{\376\377\000S\000F\000T\000\040\000\050\000S\000u\000p\000e\000r\000v\000i\000s\000e\000d\000\040\000F\000i\000n\000e\000-\000T\000u\000n\000i\000n\000g\000\051\000\040\000P\000i\000p\000e\000l\000i\000n\000e}{appendix.F}% 22
\BOOKMARK [2][-]{subsection.F.2}{\376\377\000D\000P\000O\000\040\000\050\000D\000i\000r\000e\000c\000t\000\040\000P\000r\000e\000f\000e\000r\000e\000n\000c\000e\000\040\000O\000p\000t\000i\000m\000i\000z\000a\000t\000i\000o\000n\000\051\000\040\000P\000i\000p\000e\000l\000i\000n\000e}{appendix.F}% 23
\BOOKMARK [2][-]{subsection.F.3}{\376\377\000P\000P\000O\000\040\000\050\000P\000r\000o\000x\000i\000m\000a\000l\000\040\000P\000o\000l\000i\000c\000y\000\040\000O\000p\000t\000i\000m\000i\000z\000a\000t\000i\000o\000n\000\051\000\040\000P\000i\000p\000e\000l\000i\000n\000e}{appendix.F}% 24
\BOOKMARK [2][-]{subsection.F.4}{\376\377\000G\000R\000P\000O\000\040\000\050\000G\000r\000o\000u\000p\000\040\000R\000e\000l\000a\000t\000i\000v\000e\000\040\000P\000o\000l\000i\000c\000y\000\040\000O\000p\000t\000i\000m\000i\000z\000a\000t\000i\000o\000n\000\051\000\040\000P\000i\000p\000e\000l\000i\000n\000e}{appendix.F}% 25
\BOOKMARK [2][-]{subsection.F.5}{\376\377\000C\000I\000T\000A\000\040\000\050\000C\000o\000n\000t\000r\000a\000s\000t\000i\000v\000e\000\040\000I\000n\000s\000t\000r\000u\000c\000t\000i\000o\000n\000-\000T\000u\000n\000e\000d\000\040\000A\000l\000i\000g\000n\000m\000e\000n\000t\000\051\000\040\000P\000i\000p\000e\000l\000i\000n\000e}{appendix.F}% 26
\BOOKMARK [1][-]{appendix.G}{\376\377\000E\000v\000a\000l\000u\000a\000t\000i\000o\000n\000\040\000P\000i\000p\000e\000l\000i\000n\000e}{}% 27
\BOOKMARK [2][-]{subsection.G.1}{\376\377\000E\000C\000L\000I\000P\000T\000I\000C\000A\000\040\000\050\000M\0001\000\051\000:\000\040\000M\000u\000l\000t\000i\000-\000M\000o\000d\000a\000l\000\040\000I\000n\000s\000t\000r\000u\000c\000t\000i\000o\000n\000\040\000S\000w\000i\000t\000c\000h\000i\000n\000g}{appendix.G}% 28
\BOOKMARK [2][-]{subsection.G.2}{\376\377\000T\000r\000u\000t\000h\000f\000u\000l\000Q\000A\000\040\000\050\000M\0002\000\051\000:\000\040\000E\000p\000i\000s\000t\000e\000m\000i\000c\000\040\000C\000a\000l\000i\000b\000r\000a\000t\000i\000o\000n\000\040\000S\000w\000i\000t\000c\000h\000i\000n\000g}{appendix.G}% 29
\BOOKMARK [2][-]{subsection.G.3}{\376\377\000C\000o\000n\000d\000i\000t\000i\000o\000n\000a\000l\000\040\000S\000a\000f\000e\000t\000y\000\040\000\050\000M\0003\000\051\000:\000\040\000P\000o\000l\000i\000c\000y\000\040\000B\000o\000u\000n\000d\000a\000r\000y\000\040\000S\000w\000i\000t\000c\000h\000i\000n\000g}{appendix.G}% 30
\BOOKMARK [2][-]{subsection.G.4}{\376\377\000L\000e\000n\000g\000t\000h\000\040\000C\000o\000n\000t\000r\000o\000l\000\040\000\050\000M\0004\000\051\000:\000\040\000V\000e\000r\000b\000o\000s\000i\000t\000y\000\040\000C\000o\000n\000s\000t\000r\000a\000i\000n\000t\000\040\000C\000o\000m\000p\000l\000i\000a\000n\000c\000e}{appendix.G}% 31
\BOOKMARK [2][-]{subsection.G.5}{\376\377\000L\000I\000T\000M\000U\000S\000\040\000\050\000M\0005\000\051\000:\000\040\000I\000n\000t\000r\000i\000n\000s\000i\000c\000\040\000A\000l\000i\000g\000n\000m\000e\000n\000t\000\040\000Q\000u\000a\000l\000i\000t\000y}{appendix.G}% 32
\BOOKMARK [2][-]{subsection.G.6}{\376\377\000O\000u\000t\000p\000u\000t\000:\000\040\000I\000n\000s\000t\000r\000u\000c\000t\000i\000o\000n\000\040\000S\000e\000n\000s\000i\000t\000i\000v\000i\000t\000y\000\040\000\050\000\051}{appendix.G}% 33
\BOOKMARK [1][-]{appendix.H}{\376\377\000I\000m\000p\000l\000e\000m\000e\000n\000t\000a\000t\000i\000o\000n\000\040\000D\000e\000t\000a\000i\000l\000s}{}% 34
\BOOKMARK [2][-]{subsection.H.1}{\376\377\000H\000a\000r\000d\000w\000a\000r\000e\000\040\000a\000n\000d\000\040\000S\000o\000f\000t\000w\000a\000r\000e}{appendix.H}% 35
\BOOKMARK [2][-]{subsection.H.2}{\376\377\000T\000r\000a\000i\000n\000i\000n\000g\000\040\000H\000y\000p\000e\000r\000p\000a\000r\000a\000m\000e\000t\000e\000r\000s\000\040\000\050\000F\000u\000l\000l\000\051}{appendix.H}% 36
\BOOKMARK [2][-]{subsection.H.3}{\376\377\000C\000o\000m\000p\000u\000t\000e\000\040\000R\000e\000q\000u\000i\000r\000e\000m\000e\000n\000t\000s}{appendix.H}% 37
\BOOKMARK [2][-]{subsection.H.4}{\376\377\000I\000m\000p\000l\000e\000m\000e\000n\000t\000a\000t\000i\000o\000n\000\040\000N\000o\000t\000e\000s\000\040\000\050\000R\000e\000p\000r\000o\000d\000u\000c\000i\000b\000i\000l\000i\000t\000y\000-\000c\000r\000i\000t\000i\000c\000a\000l\000\051}{appendix.H}% 38
\BOOKMARK [1][-]{appendix.I}{\376\377\000D\000a\000t\000a\000s\000e\000t\000\040\000D\000e\000t\000a\000i\000l\000s}{}% 39
\BOOKMARK [2][-]{subsection.I.1}{\376\377\000P\000K\000U\000-\000S\000a\000f\000e\000R\000L\000H\000F\000\040\000S\000t\000a\000t\000i\000s\000t\000i\000c\000s}{appendix.I}% 40
\BOOKMARK [2][-]{subsection.I.2}{\376\377\000E\000C\000L\000I\000P\000T\000I\000C\000A\000\040\000B\000e\000n\000c\000h\000m\000a\000r\000k\000\040\000O\000v\000e\000r\000v\000i\000e\000w}{appendix.I}% 41
\BOOKMARK [2][-]{subsection.I.3}{\376\377\000I\000n\000s\000t\000r\000u\000c\000t\000i\000o\000n\000\040\000T\000y\000p\000e\000s\000\040\000a\000n\000d\000\040\000E\000x\000p\000e\000c\000t\000e\000d\000\040\000C\000h\000a\000r\000a\000c\000t\000e\000r\000i\000s\000t\000i\000c\000s}{appendix.I}% 42
\BOOKMARK [2][-]{subsection.I.4}{\376\377\000E\000x\000p\000e\000c\000t\000e\000d\000\040\000C\000h\000a\000r\000a\000c\000t\000e\000r\000i\000s\000t\000i\000c\000s\000\040\000T\000a\000x\000o\000n\000o\000m\000y}{appendix.I}% 43
\BOOKMARK [2][-]{subsection.I.5}{\376\377\000E\000C\000L\000I\000P\000T\000I\000C\000A\000\040\000E\000x\000a\000m\000p\000l\000e\000s}{appendix.I}% 44
\BOOKMARK [1][-]{appendix.J}{\376\377\000A\000b\000l\000a\000t\000i\000o\000n\000\040\000S\000t\000u\000d\000i\000e\000s}{}% 45
\BOOKMARK [2][-]{subsection.J.1}{\376\377\000E\000f\000f\000e\000c\000t\000\040\000o\000f\000\040\000K\000L\000\040\000W\000e\000i\000g\000h\000t\000\040\000\050\000K\000L\000\051}{appendix.J}% 46
\BOOKMARK [2][-]{subsection.J.2}{\376\377\000E\000f\000f\000e\000c\000t\000\040\000o\000f\000\040\000T\000e\000m\000p\000e\000r\000a\000t\000u\000r\000e\000\040\000\050\000\051}{appendix.J}% 47
\BOOKMARK [2][-]{subsection.J.3}{\376\377\000H\000y\000p\000e\000r\000p\000a\000r\000a\000m\000e\000t\000e\000r\000\040\000S\000e\000n\000s\000i\000t\000i\000v\000i\000t\000y\000\040\000\050\000O\000p\000t\000u\000n\000a\000/\000T\000P\000E\000\051}{appendix.J}% 48
\BOOKMARK [3][-]{subsubsection.J.3.1}{\376\377\000I\000n\000d\000i\000v\000i\000d\000u\000a\000l\000\040\000H\000y\000p\000e\000r\000p\000a\000r\000a\000m\000e\000t\000e\000r\000\040\000A\000n\000a\000l\000y\000s\000i\000s}{subsection.J.3}% 49
\BOOKMARK [1][-]{appendix.K}{\376\377\000D\000e\000t\000a\000i\000l\000e\000d\000\040\000E\000v\000a\000l\000u\000a\000t\000i\000o\000n\000\040\000o\000f\000\040\000C\000I\000T\000A}{}% 50
\BOOKMARK [1][-]{appendix.L}{\376\377\000T\000r\000a\000i\000n\000i\000n\000g\000\040\000C\000u\000r\000v\000e\000s}{}% 51
\BOOKMARK [2][-]{subsection.L.1}{\376\377\000D\000P\000O\000/\000C\000I\000T\000A\000\040\000E\000v\000a\000l\000\040\000L\000o\000s\000s}{appendix.L}% 52
\BOOKMARK [1][-]{appendix.M}{\376\377\000E\000x\000p\000e\000r\000i\000m\000e\000n\000t\000s}{}% 53
\BOOKMARK [2][-]{subsection.M.1}{\376\377\000T\000r\000a\000i\000n\000i\000n\000g\000\040\000P\000i\000p\000e\000l\000i\000n\000e}{appendix.M}% 54
\BOOKMARK [2][-]{subsection.M.2}{\376\377\000M\000o\000d\000e\000l\000\040\000V\000a\000r\000i\000a\000n\000t\000s}{appendix.M}% 55
\BOOKMARK [2][-]{subsection.M.3}{\376\377\000H\000y\000p\000e\000r\000p\000a\000r\000a\000m\000e\000t\000e\000r\000\040\000O\000p\000t\000i\000m\000i\000z\000a\000t\000i\000o\000n}{appendix.M}% 56
\BOOKMARK [2][-]{subsection.M.4}{\376\377\000T\000r\000a\000i\000n\000i\000n\000g\000\040\000D\000y\000n\000a\000m\000i\000c\000s}{appendix.M}% 57
\BOOKMARK [1][-]{appendix.N}{\376\377\000E\000x\000t\000e\000n\000d\000e\000d\000\040\000R\000e\000s\000u\000l\000t\000s}{}% 58
\BOOKMARK [2][-]{subsection.N.1}{\376\377\000B\000e\000n\000c\000h\000m\000a\000r\000k\000-\000S\000p\000e\000c\000i\000f\000i\000c\000\040\000A\000n\000a\000l\000y\000s\000i\000s}{appendix.N}% 59
\BOOKMARK [2][-]{subsection.N.2}{\376\377\000C\000o\000m\000b\000i\000n\000e\000d\000\040\000A\000n\000a\000l\000y\000s\000i\000s}{appendix.N}% 60
\BOOKMARK [2][-]{subsection.N.3}{\376\377\000K\000e\000y\000\040\000I\000n\000s\000i\000g\000h\000t\000s}{appendix.N}% 61
\BOOKMARK [1][-]{appendix.O}{\376\377\000Q\000u\000a\000l\000i\000t\000a\000t\000i\000v\000e\000\040\000E\000x\000a\000m\000p\000l\000e\000s}{}% 62
\BOOKMARK [2][-]{subsection.O.1}{\376\377\000G\000o\000o\000d\000\040\000E\000x\000a\000m\000p\000l\000e\000:\000\040\000I\000n\000s\000t\000r\000u\000c\000t\000i\000o\000n\000\040\000S\000w\000i\000t\000c\000h\000i\000n\000g\000\040\000U\000n\000d\000e\000r\000\040\000a\000\040\000F\000i\000x\000e\000d\000\040\000P\000r\000o\000m\000p\000t}{appendix.O}% 63
\BOOKMARK [2][-]{subsection.O.2}{\376\377\000F\000a\000i\000l\000u\000r\000e\000\040\000C\000a\000s\000e\000:\000\040\000I\000n\000s\000t\000r\000u\000c\000t\000i\000o\000n\000\040\000C\000o\000m\000p\000o\000s\000i\000t\000i\000o\000n\000\040\000a\000n\000d\000\040\000C\000o\000n\000t\000r\000a\000c\000t\000\040\000C\000o\000n\000f\000l\000i\000c\000t\000s}{appendix.O}% 64
\BOOKMARK [1][-]{appendix.P}{\376\377\000D\000i\000s\000c\000u\000s\000s\000i\000o\000n\000\040\000F\000i\000g\000u\000r\000e\000s\000\040\000a\000n\000d\000\040\000T\000a\000b\000l\000e\000s}{}% 65
